../Core/Src/stm32f7xx_hal_msp.c:63:6:HAL_MspInit	8	static
../Core/Src/stm32f7xx_hal_msp.c:85:6:HAL_ETH_MspInit	72	static
../Core/Src/stm32f7xx_hal_msp.c:152:6:HAL_ETH_MspDeInit	8	static
../Core/Src/stm32f7xx_hal_msp.c:194:6:HAL_I2C_MspInit	184	static
../Core/Src/stm32f7xx_hal_msp.c:240:6:HAL_I2C_MspDeInit	8	static
../Core/Src/stm32f7xx_hal_msp.c:271:6:HAL_UART_MspInit	184	static
../Core/Src/stm32f7xx_hal_msp.c:318:6:HAL_UART_MspDeInit	0	static
../Core/Src/stm32f7xx_hal_msp.c:347:6:HAL_PCD_MspInit	192	static
../Core/Src/stm32f7xx_hal_msp.c:401:6:HAL_PCD_MspDeInit	0	static
